%!Adobe-FontList 1.19
%Locale:0x409

%BeginFont
Handler:DirectoryHandler
FontType:Type1
FontName:AmericanPurpose
FamilyName:American Purpose
StyleName:Regular
MenuName:American Purpose
StyleBits:0
WeightClass:400
WidthClass:5
AngleClass:0
FullName:American Purpose
WritingScript:Roman
OutlineFileName:\American Purpose.otf
DataFormat:sfntData
UsesStandardEncoding:yes
isCFF:yes
hasSVG:no
VariableFontType:NonVariableFont
FileLength:28704
FileModTime:1299748704
NameArray:0,Mac,4,American Purpose
NameArray:0,Win,1,American Purpose
%EndFont

%BeginFont
Handler:DirectoryHandler
FontType:Type1
FontName:DINPro-Black
FamilyName:DINPro
StyleName:Black
MenuName:DINPro-Black
StyleBits:0
WeightClass:900
WidthClass:5
AngleClass:0
FullName:DINPro-Black
WritingScript:Roman
OutlineFileName:\DINPro-Black.otf
DataFormat:sfntData
UsesStandardEncoding:yes
isCFF:yes
hasSVG:no
VariableFontType:NonVariableFont
FileLength:88940
FileModTime:1143621960
NameArray:0,Mac,4,DINPro-Black
NameArray:0,Win,1,DINPro-Black
NameArray:0,Win,16,DINPro
%EndFont

%BeginFont
Handler:DirectoryHandler
FontType:Type1
FontName:DINPro-Bold
FamilyName:DINPro
StyleName:Bold
MenuName:DINPro-Bold
StyleBits:0
WeightClass:700
WidthClass:5
AngleClass:0
FullName:DINPro-Bold
WritingScript:Roman
OutlineFileName:\DINPro-Bold.otf
DataFormat:sfntData
UsesStandardEncoding:yes
isCFF:yes
hasSVG:no
VariableFontType:NonVariableFont
FileLength:90228
FileModTime:1143621960
NameArray:0,Mac,4,DINPro-Bold
NameArray:0,Win,1,DINPro-Bold
NameArray:0,Win,16,DINPro
%EndFont

%BeginFont
Handler:DirectoryHandler
FontType:Type1
FontName:DINPro-Light
FamilyName:DINPro
StyleName:Light
MenuName:DINPro-Light
StyleBits:0
WeightClass:300
WidthClass:5
AngleClass:0
FullName:DINPro-Light
WritingScript:Roman
OutlineFileName:\DINPro-Light.otf
DataFormat:sfntData
UsesStandardEncoding:yes
isCFF:yes
hasSVG:no
VariableFontType:NonVariableFont
FileLength:88240
FileModTime:1143621960
NameArray:0,Mac,4,DINPro-Light
NameArray:0,Win,1,DINPro-Light
NameArray:0,Win,16,DINPro
%EndFont

%BeginFont
Handler:DirectoryHandler
FontType:Type1
FontName:DINPro-Medium
FamilyName:DINPro
StyleName:Medium
MenuName:DINPro-Medium
StyleBits:0
WeightClass:500
WidthClass:5
AngleClass:0
FullName:DINPro-Medium
WritingScript:Roman
OutlineFileName:\DINPro-Medium.otf
DataFormat:sfntData
UsesStandardEncoding:yes
isCFF:yes
hasSVG:no
VariableFontType:NonVariableFont
FileLength:89060
FileModTime:1143621960
NameArray:0,Mac,4,DINPro-Medium
NameArray:0,Win,1,DINPro-Medium
NameArray:0,Win,16,DINPro
%EndFont

%BeginFont
Handler:DirectoryHandler
FontType:Type1
FontName:DINPro-Regular
FamilyName:DINPro
StyleName:Regular
MenuName:DINPro-Regular
StyleBits:0
WeightClass:400
WidthClass:5
AngleClass:0
FullName:DINPro-Regular
WritingScript:Roman
OutlineFileName:\DINPro-Regular.otf
DataFormat:sfntData
UsesStandardEncoding:yes
isCFF:yes
hasSVG:no
VariableFontType:NonVariableFont
FileLength:87364
FileModTime:1143621960
NameArray:0,Mac,4,DINPro-Regular
NameArray:0,Win,1,DINPro-Regular
NameArray:0,Win,16,DINPro
%EndFont

%BeginFont
Handler:DirectoryHandler
FontType:Type1
FontName:MinionPro-Regular
FamilyName:Minion Pro
StyleName:Regular
MenuName:Minion Pro
StyleBits:0
WeightClass:400
WidthClass:5
AngleClass:0
FullName:Minion Pro
WritingScript:Roman
OutlineFileName:\MinionPro-Regular.otf
DataFormat:sfntData
UsesStandardEncoding:yes
isCFF:yes
hasSVG:no
VariableFontType:NonVariableFont
FileLength:218640
FileModTime:1487078237
DesignSize:110
NameArray:0,Mac,4,Minion Pro
NameArray:0,Win,1,Minion Pro
%EndFont

